============================= test session starts ==============================
platform linux -- Python 3.12.3, pytest-9.0.3, pluggy-1.6.0 -- /mnt/c/Users/dhruv/OneDrive/Desktop/AISD/Smart-Grid-Balancing/.venv/bin/python
cachedir: .pytest_cache
rootdir: /mnt/c/Users/dhruv/OneDrive/Desktop/AISD/Smart-Grid-Balancing
collecting ... collected 42 items

tests/test_citylearn_support.py::TestEnsureCityLearnSchema::test_returns_explicit_path_when_file_exists PASSED [  2%]
tests/test_citylearn_support.py::TestEnsureCityLearnSchema::test_raises_when_explicit_path_missing PASSED [  4%]
tests/test_citylearn_support.py::TestEpisodeResultFromKpis::test_returns_defaults_for_empty_dataframe PASSED [  7%]
tests/test_citylearn_support.py::TestEpisodeResultFromKpis::test_extracts_known_values PASSED [  9%]
tests/test_citylearn_support.py::TestEpisodeResultFromKpis::test_handles_nan_values PASSED [ 11%]
tests/test_citylearn_support.py::TestMeanEpisodeResults::test_averages_correctly PASSED [ 14%]
tests/test_config.py::TestGridConfigDefaults::test_battery_capacity PASSED [ 16%]
tests/test_config.py::TestGridConfigDefaults::test_initial_soc_fraction PASSED [ 19%]
tests/test_config.py::TestGridConfigDefaults::test_round_trip_efficiency_within_bounds PASSED [ 21%]
tests/test_config.py::TestGridConfigDefaults::test_charge_discharge_efficiency_symmetric PASSED [ 23%]
tests/test_config.py::TestGridConfigCustom::test_custom_capacity PASSED  [ 26%]
tests/test_config.py::TestGridConfigCustom::test_custom_efficiency PASSED [ 28%]
tests/test_config.py::TestGridConfigCustom::test_custom_soc_comfort_threshold PASSED [ 30%]
tests/test_config.py::TestExperimentConfigDefaults::test_horizon_days PASSED [ 33%]
tests/test_config.py::TestExperimentConfigDefaults::test_peak_threshold PASSED [ 35%]
tests/test_config.py::TestExperimentConfigDefaults::test_comfort_penalty PASSED [ 38%]
tests/test_config.py::TestExperimentConfigDefaults::test_weights_are_positive PASSED [ 40%]
tests/test_environment.py::test_environment_episode_runs_to_completion PASSED [ 42%]
tests/test_environment.py::test_rule_based_policy_improves_peak PASSED   [ 45%]
tests/test_environment.py::TestObservation::test_reset_returns_correct_shape PASSED [ 47%]
tests/test_environment.py::TestObservation::test_step_returns_correct_shape PASSED [ 50%]
tests/test_environment.py::TestBatterySOC::test_soc_stays_within_bounds_on_max_discharge PASSED [ 52%]
tests/test_environment.py::TestBatterySOC::test_soc_stays_within_bounds_on_max_charge PASSED [ 54%]
tests/test_environment.py::TestEpisodeTermination::test_terminates_at_expected_step PASSED [ 57%]
tests/test_environment.py::TestActionClipping::test_extreme_actions_are_clipped PASSED [ 59%]
tests/test_environment.py::TestReward::test_reward_is_always_nonpositive PASSED [ 61%]
tests/test_environment.py::TestEpisodeSummary::test_values_are_finite PASSED [ 64%]
tests/test_environment.py::TestEpisodeSummary::test_battery_throughput_zero_for_no_control PASSED [ 66%]
tests/test_environment.py::TestDeterminism::test_same_seed_same_profiles PASSED [ 69%]
tests/test_policies.py::TestZeroActionPolicy::test_always_returns_zero PASSED [ 71%]
tests/test_policies.py::TestRuleBasedPeakShavingPolicy::test_output_is_bounded PASSED [ 73%]
tests/test_policies.py::TestRuleBasedPeakShavingPolicy::test_discharges_on_high_demand_high_soc PASSED [ 76%]
tests/test_policies.py::TestRuleBasedPeakShavingPolicy::test_charges_on_high_renewables_low_demand PASSED [ 78%]
tests/test_policies.py::TestRuleBasedPeakShavingPolicy::test_charges_on_low_emissions_low_price PASSED [ 80%]
tests/test_policies.py::TestRuleBasedPeakShavingPolicy::test_idle_on_moderate_conditions PASSED [ 83%]
tests/test_policies.py::TestLinearPolicy::test_output_bounded_by_tanh PASSED [ 85%]
tests/test_policies.py::TestLinearPolicy::test_deterministic PASSED      [ 88%]
tests/test_policies.py::TestLinearPolicy::test_zero_weights_returns_tanh_bias PASSED [ 90%]
tests/test_train.py::TestTrainLinearPolicy::test_returns_policy_and_history PASSED [ 92%]
tests/test_train.py::TestTrainLinearPolicy::test_reward_does_not_degrade_over_training PASSED [ 95%]
tests/test_train.py::TestTrainLinearPolicy::test_deterministic_across_runs PASSED [ 97%]
tests/test_train.py::TestTrainLinearPolicy::test_policy_weights_shape PASSED [100%]

============================= 42 passed in 25.50s ==============================
